
> life_cheat_key@0.1.0 build
> next build

  ??Next.js 14.2.35
  - Environments: .env.local

   Creating an optimized production build ...
node.exe :  ??Compiled with warnings
위치 줄:1 문자:1
+ & "C:\Program Files\nodejs/node.exe"
 "C:\Users\Aini\AppData\Roaming\n ...
+ ~~~~~~~~~~~~~~~~~~~~~~~~~~~~~~~~~~~~
~~~~~~~~~~~~~~~~~~~~~~~~~~~~~~~~~
    + CategoryInfo          : NotSpec 
   ified: ( ??Compiled with warnings  
  :String) [], RemoteException
    + FullyQualifiedErrorId : NativeC 
   ommandError
 

./node_modules/@vladmandic/face-api/di
st/face-api.esm.js
Critical dependency: require function 
is used in a way in which dependencies
 cannot be statically extracted

Import trace for requested module:
./node_modules/@vladmandic/face-api/di
st/face-api.esm.js
./utils/joseon/faceAnalyzer.ts
./app/(style)/joseon-face/page.tsx

