Hello File
